[tool.ifoxdy.cn/Toolsnew/index741e.html]
[backblue.gif]
[fade.gif]
[index.html]
[tool.ifoxdy.cn/Template/Wechat/Yidake/Assets/Js/plugins/swiper/css/swiper.min.css]
[tool.ifoxdy.cn/Template/Wechat/Yidake/Assets/Css/style.css]
[tool.ifoxdy.cn/Template/Wechat/Yidake/Assets/Css/Toolsnew/new_index7b30.css]
[tool.ifoxdy.cn/Template/Wechat/Yidake/Assets/Css/Toolsnew/index7b30.css]
[hm.baidu.com/hmf560.js]
[tool.ifoxdy.cn/Template/Wechat/Yidake/Assets/Images/Tools/index_tl.jpg]
[tool.ifoxdy.cn/Toolsnew/first8ac7.html]
[tool.ifoxdy.cn/Template/Wechat/Yidake/Assets/Images/Tools/tab_1.png]
[tool.ifoxdy.cn/Template/Wechat/Yidake/Assets/Images/Tools/tab_2.png]
[tool.ifoxdy.cn/Template/Wechat/Yidake/Assets/Images/Tools/tab_3.png]
[tool.ifoxdy.cn/Template/Wechat/Yidake/Assets/Images/Tools/index_fl.png]
[tool.ifoxdy.cn/Template/Wechat/Yidake/Assets/Images/Tools/index_mb.png]
[tool.ifoxdy.cn/Template/Wechat/Yidake/Assets/Images/Tools/index_tx1.png]
[tool.ifoxdy.cn/Template/Wechat/Yidake/Assets/Images/Toolsnew/index1_master.png]
[tool.ifoxdy.cn/Template/Wechat/Yidake/Assets/Images/Tools/index_tx2.png]
[tool.ifoxdy.cn/Template/Wechat/Yidake/Assets/Images/Tools/item1.png]
[tool.ifoxdy.cn/Template/Wechat/Yidake/Assets/Images/Tools/item2.png]
[tool.ifoxdy.cn/Template/Wechat/Yidake/Assets/Images/Tools/item3.png]
[tool.ifoxdy.cn/Template/Wechat/Yidake/Assets/Images/Tools/item4.png]
[tool.ifoxdy.cn/Template/Wechat/Yidake/Assets/Images/Tools/item5.png]
[tool.ifoxdy.cn/Template/Wechat/Yidake/Assets/Images/Toolsnew/index12_tl.png]
[tool.ifoxdy.cn/Template/Wechat/Yidake/Assets/Images/Toolsnew/index12_2.png]
[tool.ifoxdy.cn/Template/Wechat/Yidake/Assets/Images/Toolsnew/index12_tl2.png]
[tool.ifoxdy.cn/Template/Wechat/Yidake/Assets/Images/Toolsnew/index12_3.png]
[tool.ifoxdy.cn/Template/Wechat/Yidake/Assets/Images/Toolsnew/they_tl12.png]
[tool.ifoxdy.cn/Toolsnew/index672d.html]
[tool.ifoxdy.cn/Template/Wechat/Yidake/Assets/Images/Toolsnew/banner12.png]
[tool.ifoxdy.cn/Template/Wechat/Yidake/Assets/Images/Toolsnew/share6.jpg]
[tool.ifoxdy.cn/Template/Wechat/Yidake/Assets/Images/Toolsnew/share13.jpg]
[tool.ifoxdy.cn/Template/Wechat/Yidake/Assets/Images/Toolsnew/share2.jpg]
[tool.ifoxdy.cn/Template/Wechat/Yidake/Assets/Images/Toolsnew/share3.jpg]
[tool.ifoxdy.cn/Template/Wechat/Yidake/Assets/Images/Toolsnew/share4.jpg]
[tool.ifoxdy.cn/Template/Wechat/Yidake/Assets/Images/Toolsnew/share5.jpg]
[tool.ifoxdy.cn/Template/Wechat/Yidake/Assets/Images/Tools/add_tx1.png]
[tool.ifoxdy.cn/Template/Wechat/Yidake/Assets/Images/Tools/add_tx2.png]
[tool.ifoxdy.cn/Template/Wechat/Yidake/Assets/Images/Tools/add_tx3.png]
[tool.ifoxdy.cn/Template/Wechat/Yidake/Assets/Images/Tools/add_tx4.png]
[tool.ifoxdy.cn/Template/Wechat/Yidake/Assets/Images/Tools/footer_icon.png]
[tool.ifoxdy.cn/Template/Wechat/Yidake/Assets/Images/Tools/tips.png]
[tool.bangbangce.cn/Template/Wechat/Yidake/Assets/Images/Tools/tips_1.png]
[tool.ifoxdy.cn/Template/Wechat/Yidake/Assets/seajs/sea.js]
[tool.ifoxdy.cn/Template/Wechat/Yidake/Assets/Js/plugins/rolldate/rolldate_newe388.js]
[tool.ifoxdy.cn/Template/Wechat/Yidake/Assets/Images/Public/none.png]
[tool.ifoxdy.cn/Toolsnew/Js8ae0.html]
[tool.ifoxdy.cn/Toolsnew/index741e.html]
[tool.ifoxdy.cn/Template/Wechat/Yidake/Assets/etui/css/normalize.css]
[tool.ifoxdy.cn/Template/Wechat/Yidake/Assets/etui/css/base.css]
[tool.ifoxdy.cn/Template/Wechat/Yidake/Assets/etui/css/bar.css]
[tool.ifoxdy.cn/Template/Wechat/Yidake/Assets/etui/css/pages.css]
[tool.ifoxdy.cn/Template/Wechat/Yidake/Assets/etui/css/grid.css]
[tool.ifoxdy.cn/Template/Wechat/Yidake/Assets/etui/css/cell.css]
[tool.ifoxdy.cn/Template/Wechat/Yidake/Assets/etui/css/animate.css]
[tool.ifoxdy.cn/Template/Wechat/Yidake/Assets/etui/css/panel.css]
[tool.ifoxdy.cn/Template/Wechat/Yidake/Assets/etui/css/popup.css]
[tool.ifoxdy.cn/Template/Wechat/Yidake/Assets/etui/css/form.css]
[tool.ifoxdy.cn/Template/Wechat/Yidake/Assets/etui/css/button.css]
[tool.ifoxdy.cn/Template/Wechat/Yidake/Assets/etui/css/search.css]
[tool.ifoxdy.cn/Template/Wechat/Yidake/Assets/etui/css/dialog.css]
[tool.ifoxdy.cn/Template/Wechat/Yidake/Assets/etui/css/calendar.css]
[tool.ifoxdy.cn/Template/Wechat/Yidake/Assets/etui/css/card.css]
[tool.ifoxdy.cn/Template/Wechat/Yidake/Assets/etui/css/etui.css]
[tool.ifoxdy.cn/Template/Wechat/Yidake/Assets/Js/plugins/swiper/css/swiper.min.css]
[tool.ifoxdy.cn/Template/Wechat/Yidake/Assets/Css/style.css]
[tool.ifoxdy.cn/Template/Wechat/Yidake/Assets/etui/css/preloader.css]
[tool.ifoxdy.cn/Template/Wechat/Yidake/Assets/Images/first/swipperbg.png]
[tool.ifoxdy.cn/Template/Wechat/Yidake/Assets/Images/first/k_bg.png]
[tool.ifoxdy.cn/Template/Wechat/Yidake/Assets/Css/Toolsnew/new_index7b30.css]
[tool.ifoxdy.cn/Template/Wechat/Yidake/Assets/Css/Toolsnew/index7b30.css]
[tool.ifoxdy.cn/Template/Wechat/Yidake/Assets/Css/Toolsnew/new_index30f4.css]
[tool.ifoxdy.cn/Toolsnew/index3701.html]
[tool.ifoxdy.cn/Template/Wechat/Yidake/Assets/Images/first/banner23860.png]
[tool.ifoxdy.cn/Template/Wechat/Yidake/Assets/Images/first/banner33860.png]
[tool.ifoxdy.cn/Template/Wechat/Yidake/Assets/Images/first/banner4.png]
[tool.ifoxdy.cn/Template/Wechat/Yidake/Assets/Images/first/k_top.jpg]
[tool.ifoxdy.cn/Template/Wechat/Yidake/Assets/Images/first/k_bot.png]
[tool.ifoxdy.cn/Template/Wechat/Yidake/Assets/Images/first/title1.png]
[tool.ifoxdy.cn/Toolsnew/indexa168.html]
[tool.ifoxdy.cn/Template/Wechat/Yidake/Assets/Images/first/special1.png]
[tool.ifoxdy.cn/Template/Wechat/Yidake/Assets/Images/first/special2.png]
[tool.ifoxdy.cn/Toolsnew/index8937.html]
[tool.ifoxdy.cn/Template/Wechat/Yidake/Assets/Images/first/special3.png]
[tool.ifoxdy.cn/Template/Wechat/Yidake/Assets/Images/first/title2.png]
[tool.ifoxdy.cn/Template/Wechat/Yidake/Assets/Images/first/hot13860.png]
[tool.ifoxdy.cn/Template/Wechat/Yidake/Assets/Images/first/hot2.png]
[tool.ifoxdy.cn/Template/Wechat/Yidake/Assets/Images/first/hot33860.png]
[tool.ifoxdy.cn/Template/Wechat/Yidake/Assets/Images/first/hot43860.png]
[tool.ifoxdy.cn/Template/Wechat/Yidake/Assets/Images/first/title3.png]
[tool.ifoxdy.cn/Template/Wechat/Yidake/Assets/Images/first/tab12.png]
[tool.ifoxdy.cn/Template/Wechat/Yidake/Assets/Images/first/tab1.png]
[tool.ifoxdy.cn/Template/Wechat/Yidake/Assets/Images/first/tab2.png]
[tool.ifoxdy.cn/Template/Wechat/Yidake/Assets/Images/first/tab3.png]
[tool.ifoxdy.cn/Template/Wechat/Yidake/Assets/Images/first/tab4.png]
[tool.ifoxdy.cn/Template/Wechat/Yidake/Assets/Images/first/tab5.png]
[tool.ifoxdy.cn/Template/Wechat/Yidake/Assets/Images/first/tab6.png]
[tool.ifoxdy.cn/Template/Wechat/Yidake/Assets/Images/first/tab9.png]
[tool.ifoxdy.cn/Template/Wechat/Yidake/Assets/Images/first/tab10.png]
[tool.ifoxdy.cn/Template/Wechat/Yidake/Assets/Images/first/tab13.png]
[tool.ifoxdy.cn/Template/Wechat/Yidake/Assets/Images/first/tab15.png]
[tool.ifoxdy.cn/Template/Wechat/Yidake/Assets/Images/first/tab16.png]
[tool.ifoxdy.cn/Template/Wechat/Yidake/Assets/Images/first/tab17.png]
[tool.ifoxdy.cn/Template/Wechat/Yidake/Assets/Images/first/tab18.png]
[tool.ifoxdy.cn/Template/Wechat/Yidake/Assets/Images/first/title4.png]
[tool.ifoxdy.cn/Template/Wechat/Yidake/Assets/Images/first/title5.png]
[tool.ifoxdy.cn/Toolsnew/first8ac7.html]
[tool.ifoxdy.cn/Template/Wechat/Yidake/Assets/Css/lCalendar.css]
[tool.ifoxdy.cn/Template/Wechat/Yidake/Assets/Css/Toolsnew/index121bce.css]
[hm.baidu.com/hmd079.js]
[tool.ifoxdy.cn/Template/Wechat/Yidake/Assets/Images/Tools/index12_1.png]
[tool.ifoxdy.cn/Template/Wechat/Yidake/Assets/Images/Tools/tab_7.png]
[tool.ifoxdy.cn/Template/Wechat/Yidake/Assets/Images/Tools/tab_8.png]
[tool.ifoxdy.cn/Template/Wechat/Yidake/Assets/Images/Tools/tab_9.png]
[tool.ifoxdy.cn/Template/Wechat/Yidake/Assets/Images/Tools/ban.png]
[tool.ifoxdy.cn/Template/Wechat/Yidake/Assets/Images/Tools/tl1.png]
[tool.ifoxdy.cn/Template/Wechat/Yidake/Assets/Images/Toolsnew/index12_master.png]
[tool.ifoxdy.cn/Template/Wechat/Yidake/Assets/Images/Tools/tl2.png]
[tool.ifoxdy.cn/Template/Wechat/Yidake/Assets/Images/Tools/intro1.png]
[tool.ifoxdy.cn/Template/Wechat/Yidake/Assets/Images/Tools/intro2.png]
[tool.ifoxdy.cn/Template/Wechat/Yidake/Assets/Images/Tools/intro3.png]
[tool.ifoxdy.cn/Template/Wechat/Yidake/Assets/Images/Toolsnew/share1.jpg]
[tool.ifoxdy.cn/Template/Wechat/Yidake/Assets/Js/plugins/rolldate/rolldate_new8711.js]
[tool.ifoxdy.cn/Toolsnew/index672d.html]
[tool.ifoxdy.cn/Template/Wechat/Yidake/Assets/Css/Tools/link_box.css]
[tool.ifoxdy.cn/Toolsnew/Js8ae0.html]
[tool.ifoxdy.cn/Template/Wechat/Yidake/Assets/etui/css/normalize.css]
[tool.ifoxdy.cn/Template/Wechat/Yidake/Assets/etui/css/base.css]
[tool.ifoxdy.cn/Template/Wechat/Yidake/Assets/etui/css/bar.css]
[tool.ifoxdy.cn/Template/Wechat/Yidake/Assets/etui/css/pages.css]
[tool.ifoxdy.cn/Template/Wechat/Yidake/Assets/etui/css/grid.css]
[tool.ifoxdy.cn/Template/Wechat/Yidake/Assets/etui/css/tab.css]
[tool.ifoxdy.cn/Template/Wechat/Yidake/Assets/etui/css/cell.css]
[tool.ifoxdy.cn/Template/Wechat/Yidake/Assets/etui/css/animate.css]
[tool.ifoxdy.cn/Template/Wechat/Yidake/Assets/etui/css/icon.css]
[tool.ifoxdy.cn/Template/Wechat/Yidake/Assets/etui/css/theme.css]
[tool.ifoxdy.cn/Template/Wechat/Yidake/Assets/etui/css/panel.css]
[tool.ifoxdy.cn/Template/Wechat/Yidake/Assets/etui/css/popup.css]
[tool.ifoxdy.cn/Template/Wechat/Yidake/Assets/etui/css/form.css]
[tool.ifoxdy.cn/Template/Wechat/Yidake/Assets/etui/css/button.css]
[tool.ifoxdy.cn/Template/Wechat/Yidake/Assets/etui/css/search.css]
[tool.ifoxdy.cn/Template/Wechat/Yidake/Assets/etui/css/avatar.css]
[tool.ifoxdy.cn/Template/Wechat/Yidake/Assets/etui/css/dialog.css]
[tool.ifoxdy.cn/Template/Wechat/Yidake/Assets/etui/css/calendar.css]
[tool.ifoxdy.cn/Template/Wechat/Yidake/Assets/etui/css/card.css]
[tool.ifoxdy.cn/Template/Wechat/Yidake/Assets/etui/css/text.css]
[tool.ifoxdy.cn/Template/Wechat/Yidake/Assets/etui/css/preloader.css]
[tool.ifoxdy.cn/Template/Wechat/Yidake/Assets/Images/Public/zhanxing/fkbg.html]
[tool.ifoxdy.cn/Template/Wechat/Yidake/Assets/Css/Toolsnew/new_index30f4.css]
[tool.ifoxdy.cn/Template/Wechat/Yidake/Assets/Images/Tools/index9_1.png]
[tool.ifoxdy.cn/Template/Wechat/Yidake/Assets/Css/Toolsnew/index93860.css]
[tool.ifoxdy.cn/Template/Wechat/Yidake/Assets/Images/Tools/index9_2.png]
[at.alicdn.com/t/font_162482_gj82iltg97s.css]
[tool.ifoxdy.cn/Template/Wechat/Yidake/Assets/Images/Toolsnew/index9_master.png]
[tool.ifoxdy.cn/Template/Wechat/Yidake/Assets/Images/Tools/index9_a1.png]
[tool.ifoxdy.cn/Template/Wechat/Yidake/Assets/Images/Tools/index9_a2.png]
[tool.ifoxdy.cn/Template/Wechat/Yidake/Assets/Images/Tools/index9_a3.png]
[tool.ifoxdy.cn/Template/Wechat/Yidake/Assets/Images/Tools/index9_a4.png]
[tool.ifoxdy.cn/Template/Wechat/Yidake/Assets/Images/Tools/index9_a5.png]
[tool.ifoxdy.cn/Template/Wechat/Yidake/Assets/Images/Tools/index4_9.png]
[tool.ifoxdy.cn/Template/Wechat/Yidake/Assets/Images/Tools/index4_10.png]
[tool.ifoxdy.cn/Template/Wechat/Yidake/Assets/Images/Tools/index4_12.png]
[tool.ifoxdy.cn/Template/Wechat/Yidake/Assets/Images/Tools/index4_11.png]
[tool.ifoxdy.cn/Template/Wechat/Yidake/Assets/Js/plugins/rolldate/rolldate_newc048.js]
[tool.ifoxdy.cn/Toolsnew/index3701.html]
[tool.ifoxdy.cn/Template/Wechat/Yidake/Assets/Css/Toolsnew/index141bce.css]
[tool.ifoxdy.cn/Template/Wechat/Yidake/Assets/Images/Toolsnew/index14_1.png]
[tool.ifoxdy.cn/Toolsnew/dreamSearch8ae0.html]
[tool.ifoxdy.cn/Toolsnew/dreamListe960.html]
[tool.ifoxdy.cn/Template/Wechat/Yidake/Assets/Images/Toolsnew/icon1.png]
[tool.ifoxdy.cn/Toolsnew/dreamList9f70.html]
[tool.ifoxdy.cn/Template/Wechat/Yidake/Assets/Images/Toolsnew/icon2.png]
[tool.ifoxdy.cn/Toolsnew/dreamList1664.html]
[tool.ifoxdy.cn/Template/Wechat/Yidake/Assets/Images/Toolsnew/icon3.png]
[tool.ifoxdy.cn/Toolsnew/dreamListc209.html]
[tool.ifoxdy.cn/Template/Wechat/Yidake/Assets/Images/Toolsnew/icon4.png]
[tool.ifoxdy.cn/Toolsnew/dreamList2479.html]
[tool.ifoxdy.cn/Template/Wechat/Yidake/Assets/Images/Toolsnew/icon5.png]
[tool.ifoxdy.cn/Toolsnew/dreamListc3e1.html]
[tool.ifoxdy.cn/Template/Wechat/Yidake/Assets/Images/Toolsnew/icon6.png]
[tool.ifoxdy.cn/Toolsnew/dreamLista12f.html]
[tool.ifoxdy.cn/Template/Wechat/Yidake/Assets/Images/Toolsnew/icon7.png]
[tool.ifoxdy.cn/Toolsnew/indexa168.html]
[tool.ifoxdy.cn/Template/Wechat/Yidake/Assets/Css/Tools/index1130f4.css]
[tool.ifoxdy.cn/Template/Wechat/Yidake/Assets/Images/Tools/main_tl1.png]
[tool.ifoxdy.cn/Template/Wechat/Yidake/Assets/Images/Tools/bgk.png]
[tool.ifoxdy.cn/Template/Wechat/Yidake/Assets/Images/Tools/rotbg.png]
[tool.ifoxdy.cn/Template/Wechat/Yidake/Assets/Images/Tools/skip.png]
[tool.ifoxdy.cn/Toolsnew/lyMyOrder8ae0.html]
[tool.ifoxdy.cn/Toolsnew/index8937.html]
[tool.ifoxdy.cn/Template/Wechat/Yidake/Assets/Css/lCalendar.css]
[tool.ifoxdy.cn/Template/Wechat/Yidake/Assets/Images/Tools/bg12.png]
[tool.ifoxdy.cn/Template/Wechat/Yidake/Assets/Css/Toolsnew/index121bce.css]
[at.alicdn.com/t/font_162482_gj82iltg97s45b8.eot]
[at.alicdn.com/t/font_162482_gj82iltg97s45b8.woff]
[at.alicdn.com/t/font_162482_gj82iltg97s45b8.ttf]
[at.alicdn.com/t/font_162482_gj82iltg97s45b8.svg]
[at.alicdn.com/t/font_162482_gj82iltg97s.css]
[tool.ifoxdy.cn/Template/Wechat/Yidake/Assets/Images/Tools/index9_3.png]
[tool.ifoxdy.cn/Template/Wechat/Yidake/Assets/Images/Tools/see_more.png]
[tool.ifoxdy.cn/Template/Wechat/Yidake/Assets/Css/Toolsnew/index93860.css]
[tool.ifoxdy.cn/Template/Wechat/Yidake/Assets/Css/Toolsnew/index141bce.css]
[tool.ifoxdy.cn/Template/Wechat/Yidake/Assets/Images/Toolsnew/bot_banner.png]
[tool.ifoxdy.cn/Template/Wechat/Yidake/Assets/Images/Toolsnew/master1.png]
[tool.ifoxdy.cn/Template/Wechat/Yidake/Assets/Images/Toolsnew/ecode1.png]
[tool.ifoxdy.cn/Toolsnew/dreamSearch8ae0.html]
[tool.ifoxdy.cn/Toolsnew/dreamListe960.html]
[tool.ifoxdy.cn/Toolsnew/dreamList9f70.html]
[tool.ifoxdy.cn/Toolsnew/dreamList1664.html]
[tool.ifoxdy.cn/Toolsnew/dreamListc209.html]
[tool.ifoxdy.cn/Toolsnew/dreamList2479.html]
[tool.ifoxdy.cn/Toolsnew/dreamListc3e1.html]
[tool.ifoxdy.cn/Toolsnew/dreamLista12f.html]
[tool.ifoxdy.cn/Template/Wechat/Yidake/Assets/Images/Tools/mbg1.png]
[tool.ifoxdy.cn/Template/Wechat/Yidake/Assets/Images/Tools/mbg2.png]
[tool.ifoxdy.cn/Template/Wechat/Yidake/Assets/Images/Tools/music.png]
[tool.ifoxdy.cn/Template/Wechat/Yidake/Assets/Images/Tools/silent.png]
[tool.ifoxdy.cn/Template/Wechat/Yidake/Assets/Images/Tools/swiperbg.png]
[tool.ifoxdy.cn/Template/Wechat/Yidake/Assets/Css/Tools/index1130f4.css]
[tool.ifoxdy.cn/Template/Wechat/Yidake/Assets/Css/style3860.css]
[tool.ifoxdy.cn/Template/Wechat/Yidake/Assets/Css/Tools/result11.css]
[tool.ifoxdy.cn/Toolsnew/help8ae0.html]
[tool.ifoxdy.cn/Toolsnew/lyMyOrder8ae0.html]
[tool.ifoxdy.cn/Template/Wechat/Yidake/Assets/Css/style3860.css]
[tool.ifoxdy.cn/Template/Wechat/Yidake/Assets/Css/Tools/result11.css]
[tool.ifoxdy.cn/Toolsnew/Js/toolsnew/help.js]
[tool.ifoxdy.cn/Toolsnew/help8ae0.html]
[tool.ifoxdy.cn/Toolsnew/Js/toolsnew/help.html]
